
> sangathan@0.1.0 build
> next build

Γû▓ Next.js 16.2.1 (Turbopack)
- Environments: .env.local
- Experiments (use with caution):
  ┬╖ clientTraceMetadata

  Creating an optimized production build ...
Γ£ô Compiled successfully in 51s
  Running next.config.js provided runAfterProductionCompile ...
Γ£ô Completed runAfterProductionCompile in 1315ms
  Running TypeScript ...
